/Users/zeno/Downloads/github/gminfo_resources/research/scripts/ghidra_rh850/step7_callers.py:7: DeprecationWarning: open_program() is deprecated, use open_project() and program_context() or program_loader() instead.
  with pyghidra.open_program(
WARNING: A terminally deprecated method in sun.misc.Unsafe has been called
WARNING: sun.misc.Unsafe::staticFieldOffset has been called by org.apache.felix.framework.util.SecureAction (file:/Users/zeno/ghidra_12.1.2_PUBLIC/Ghidra/Features/Base/lib/org.apache.felix.framework-7.0.5.jar)
WARNING: Please consider reporting this to the maintainers of class org.apache.felix.framework.util.SecureAction
WARNING: sun.misc.Unsafe::staticFieldOffset will be removed in a future release
=== raw disasm 0x8ffe0 .. 0x90090 ===
0x8ffe0 zxb r6
0x8ffe2 jmp [lp]
0x90000 mov r13,r0
0x90002 movea 0xf9,r0,r6
0x90006 jarl 0x000c8f6a,lp
0x9000a addi 0x1,r29,r7
0x9000e movea 0xfa,r0,r6
0x90012 jarl 0x000c8f6a,lp
0x90016 addi 0x6,r29,r7
0x9001a movea 0xfb,r0,r6
0x9001e jarl 0x000c8f6a,lp
0x90022 addi 0xe,r29,r7
0x90026 movea 0xfc,r0,r6
0x9002a jarl 0x000c8f6a,lp
0x9002e addi 0x8,r29,r7
0x90032 movea 0xfd,r0,r6
0x90036 jarl 0x000c8f6a,lp
0x9003a addi 0x5,r29,r7
0x9003e movea 0xfe,r0,r6
0x90042 jarl 0x000c8f6a,lp
0x90046 addi 0x2,r29,r7
0x9004a movea 0xff,r0,r6
0x9004e jarl 0x000c8f6a,lp
0x90052 mov r29,r7
0x90054 movea 0x100,r0,r6
0x90058 jarl 0x000c8f6a,lp
0x9005c addi 0x3,r29,r7
0x90060 movea 0x101,r0,r6
0x90064 jarl 0x000c8f6a,lp
0x90068 addi 0x4,r29,r7
0x9006c movea 0x102,r0,r6
0x90070 jarl 0x000c8f6a,lp
0x90074 addi 0xc,r29,r7
0x90078 movea 0x103,r0,r6
0x9007c jarl 0x000c8f6a,lp
0x90080 mov 0xfebd3b7c,r18
0x90086 tst1 0x5,0x7[r18]
0x9008a bne 0x00090092
0x9008c clr1 0x4,0x7[r18]
0x90090 br 0x00090096

=== raw disasm 0x94700 .. 0x94790 ===
0x94700 tst1 0x3,0x20[r18]
0x94704 bne 0x0009470c
0x94706 clr1 0x2,0x20[r18]
0x9470a br 0x00094710
0x9470c set1 0x2,0x20[r18]
0x94710 jarl 0x000ec818,lp
0x94714 movhi -0x143,r0,r11
0x94718 movea 0x40,r0,r17
0x9471c tst1 0x5,0x3b08[r11]
0x94720 cmove 0x0,r17,r10
0x94726 sxb lp
0x94728 prepare { r29,lp },0x0
0x9472c mov r6,r29
0x9472e jarl 0x000ec80c,lp
0x94732 movea 0xb4,r0,r6
0x94736 jarl 0x000c90c4,lp
0x9473a addi 0x2,r29,r7
0x9473e movea 0xdc2,r0,r6
0x94742 jarl 0x000c8f6a,lp
0x94746 mov r29,r7
0x94748 movea 0xdc1,r0,r6
0x9474c jarl 0x000c8f6a,lp
0x94750 addi 0x4,r29,r7
0x94754 movea 0xdc3,r0,r6
0x94758 jarl 0x000c8f6a,lp
0x9475c addi 0x3,r29,r7
0x94760 movea 0xdc4,r0,r6
0x94764 jarl 0x000c8f6a,lp
0x94768 addi 0x1,r29,r7
0x9476c movea 0xdc5,r0,r6
0x94770 jarl 0x000c8f6a,lp
0x94774 mov 0xfebd3b7c,r18
0x9477a tst1 0x5,0x20[r18]
0x9477e bne 0x00094786
0x94780 clr1 0x4,0x20[r18]
0x94784 br 0x0009478a
0x94786 set1 0x4,0x20[r18]
0x9478a jarl 0x000ec818,lp
0x9478e movhi -0x143,r0,r11

=== decompile FUN_0009597c ===
fn: FUN_0009597c

undefined4 FUN_0009597c(int param_1)

{
  thunk_FUN_000edf42();
  FUN_000c90c4(0xb5);
  FUN_000c8f6a(0xdc6,param_1 + 6);
  FUN_000c8f6a(0xdc7,param_1 + 4);
  FUN_000c8f6a(0xdc8,param_1);
  FUN_000c8f6a(0xdc9,param_1 + 5);
  thunk_FUN_000edf62();
  return 0;
}


