/Users/zeno/Downloads/github/gminfo_resources/research/scripts/ghidra_rh850/step23_eeec8.py:7: DeprecationWarning: open_program() is deprecated, use open_project() and program_context() or program_loader() instead.
  with pyghidra.open_program(
WARNING: A terminally deprecated method in sun.misc.Unsafe has been called
WARNING: sun.misc.Unsafe::staticFieldOffset has been called by org.apache.felix.framework.util.SecureAction (file:/Users/zeno/ghidra_12.1.2_PUBLIC/Ghidra/Features/Base/lib/org.apache.felix.framework-7.0.5.jar)
WARNING: Please consider reporting this to the maintainers of class org.apache.felix.framework.util.SecureAction
WARNING: sun.misc.Unsafe::staticFieldOffset will be removed in a future release
=== raw bytes/disasm dump 0xeeec8 .. +0x300, walking by instruction ===
0xeeec8 mov r11,r17
0xeeeca mov r10,ep
0xeeecc shl 0x2,r17
0xeeece shl 0x2,ep
0xeeed0 add r18,r17
0xeeed2 add r18,ep
0xeeed4 ld.w 0x0[r17],r8
0xeeed8 sld.w 0x0[ep],r14
0xeeeda ld.w 0x0[r8],r12
0xeeede ld.w 0x0[r14],r13
0xeeee2 ld.w 0x4[r8],r15
0xeeee6 ld.w 0x0[r12],r12
0xeeeea ld.w 0x0[r13],r13
0xeeeee ld.w 0x8[r15],r15
0xeeef2 cmp r12,r13
0xeeef4 bc 0x000eef02
0xeeef6 bnh 0x000eef22
0xeeef8 sub r12,r13
0xeeefa cmp r15,r13
0xeeefc setfnh r16
0xeef00 br 0x000eef0a
0xeef02 sub r13,r12
0xeef04 cmp r15,r12
0xeef06 setfh r16
0xeef0a cmp r0,r16
0xeef0c be 0x000eef22
0xeef0e st.w r14,0x0[r17]
0xeef12 sst.w r8,0x0[ep]
0xeef14 mov r11,r10
0xeef16 mov r10,r16
0xeef18 shl 0x1,r16
0xeef1a addi 0x1,r16,r11
0xeef1e cmp r9,r11
0xeef20 bc 0x000eee80
0xeef22 jmp [lp]
0xeef24 mov r6,ep
0xeef26 mov 0x0,r18
0xeef28 br 0x000eef3c
0xeef2a sld.w 0x0[ep],r19
0xeef2c mov r18,r6
0xeef2e shl 0x2,r6
0xeef30 add r19,r6
0xeef32 ld.w 0x0[r6],r15
0xeef36 cmp r7,r15
0xeef38 be 0x000eef4c
0xeef3a add 0x1,r18
0xeef3c sld.w 0x4[ep],r17
0xeef3e ld.w 0x0[r17],r16
0xeef42 cmp r18,r16
0xeef44 bh 0x000eef2a
0xeef46 bc 0x000eef54
0xeef48 mov 0x1,r10
0xeef4a jmp [lp]
0xeef4c cmp r16,r18
0xeef4e mov 0x1,r10
0xeef50 ld.hu 0x132[r2],r0
0xeef54 add -0x1,r16
0xeef56 st.w r16,0x0[r17]
0xeef5a cmp r16,r18
0xeef5c ld.hu 0x124[r9],r0
0xeef60 sld.w 0x0[ep],r17
0xeef62 mov r18,ep
0xeef64 shl 0x2,ep
0xeef66 mov r16,r19
0xeef68 add r17,ep
0xeef6a shl 0x2,r19
0xeef6c add r17,r19
0xeef6e ld.w 0x0[r19],r14
0xeef72 mov 0x0,r7
0xeef74 mov r18,r10
0xeef76 br 0x000ef012
0xeef78 mov r15,ep
0xeef7a shl 0x2,ep
0xeef7c add r17,ep
0xeef7e addi 0x2,r13,r6
0xeef82 sld.w 0x0[ep],r19
0xeef84 mov r6,ep
0xeef86 shl 0x2,ep
0xeef88 add r17,ep
0xeef8a sld.w 0x0[ep],ep
0xeef8c ld.w 0x4[r19],r13
0xeef90 sld.w 0x0[ep],ep
0xeef92 ld.w 0x8[r13],r13
0xeef96 sld.w 0x0[ep],r12
0xeef98 ld.w 0x0[r19],ep
0xeef9c sld.w 0x0[ep],r11
0xeef9e cmp r11,r12
0xeefa0 bc 0x000eefb2
0xeefa2 cmove r6,r15,r15
0xeefa6 be 0x000eefc0
0xeefa8 sub r11,r12
0xeefaa cmp r13,r12
0xeefac setfnh r14
0xeefb0 br 0x000eefba
0xeefb2 sub r12,r11
0xeefb4 cmp r13,r11
0xeefb6 setfh r14
0xeefba cmp r0,r14
0xeefbc cmove r6,r15,r15
0xeefc0 mov r15,r6
0xeefc2 mov r15,ep
0xeefc4 mov r10,r15
0xeefc6 shl 0x2,ep
0xeefc8 shl 0x2,r15
0xeefca add r17,ep
0xeefcc add r17,r15
0xeefce sld.w 0x0[ep],r8
0xeefd0 ld.w 0x0[r15],r19
0xeefd4 ld.w 0x0[r8],r9
0xeefd8 ld.w 0x0[r19],r10
0xeefdc ld.w 0x4[r8],r11
0xeefe0 ld.w 0x0[r9],r9
0xeefe4 ld.w 0x0[r10],r10
0xeefe8 ld.w 0x8[r11],r11
0xeefec cmp r9,r10
0xeefee bc 0x000eeffc
0xeeff0 bnh 0x000ef020
0xeeff2 sub r9,r10
0xeeff4 cmp r11,r10
0xeeff6 setfnh r12
0xeeffa br 0x000ef004
0xeeffc sub r10,r9
0xeeffe cmp r11,r9
0xef000 setfh r12
0xef004 cmp r0,r12
0xef006 be 0x000ef020
0xef008 sst.w r19,0x0[ep]
0xef00a mov r8,r14
0xef00c mov r15,ep
0xef00e mov r6,r10
0xef010 mov 0x1,r7
0xef012 mov r10,r13
0xef014 shl 0x1,r13
0xef016 addi 0x1,r13,r15
0xef01a sst.w r14,0x0[ep]
0xef01c cmp r16,r15
0xef01e bc 0x000eef78
0xef020 cmp r0,r7
0xef022 bne 0x000ef080
0xef024 br 0x000ef03a
0xef026 sub r8,r7
0xef028 cmp r9,r7
0xef02a setfh r10
0xef02e cmp r0,r10
0xef030 be 0x000ef080
0xef032 st.w r6,0x0[r14]
0xef036 sst.w r18,0x0[ep]
0xef038 mov r13,r18
0xef03a mov r18,ep
0xef03c cmp r0,r18
0xef03e mov 0x0,r10
0xef040 be 0x000ef082
0xef042 addi -0x1,r18,r13
0xef046 shr 0x1,r13
0xef048 mov r13,r14
0xef04a shl 0x2,ep
0xef04c shl 0x2,r14
0xef04e add r17,ep
0xef050 add r17,r14
0xef052 sld.w 0x0[ep],r6
0xef054 ld.w 0x0[r14],r18
0xef058 ld.w 0x0[r6],r7
0xef05c ld.w 0x0[r18],r8
0xef060 ld.w 0x4[r6],r9
0xef064 ld.w 0x0[r7],r7
0xef068 ld.w 0x0[r8],r8
0xef06c ld.w 0x8[r9],r9
0xef070 cmp r7,r8
0xef072 bc 0x000ef026
0xef074 bnh 0x000ef080
0xef076 sub r7,r8
0xef078 cmp r9,r8
0xef07a setfnh r10
0xef07e br 0x000ef02e
0xef080 mov 0x0,r10
0xef082 jmp [lp]
0xef084 ld.w 0xc[r6],ep
0xef088 ld.w 0x10[r6],r19
0xef08c ld.hu 0x30[r6],r18
0xef090 ld.bu 0x38[r6],r17
0xef094 sst.w r0,0x10[ep]
0xef096 sst.w r19,0x8[ep]
0xef098 sst.h r18,0x14[ep]
0xef09a sst.w r0,0x0[ep]
0xef09c sst.w r0,0x4[ep]
0xef09e cmp r0,r17
0xef0a0 be 0x000ef0c8
0xef0a2 ld.w 0x0[r6],r19
0xef0a6 ld.w 0x4[r6],ep
0xef0aa ld.w 0x8[r19],r16
0xef0ae sst.w r16,0x0[ep]
0xef0b0 ld.w 0x10[r19],r15
0xef0b4 sst.w r15,0x4[ep]
0xef0b6 ld.w 0x14[r19],r14
0xef0ba sst.w r14,0x8[ep]
0xef0bc ld.w 0xc[r19],r13
0xef0c0 sst.w r13,0xc[ep]
0xef0c2 ld.w 0x4[r19],r12
0xef0c6 sst.w r12,0x10[ep]
0xef0c8 ld.w 0xc[r6],ep
0xef0cc sst.b r0,0x18[ep]
0xef0ce jmp [lp]
0xef0d0 prepare { r26,r27,r28,r29,lp },0x2
0xef0d4 mov r6,r29
0xef0d6 stsr EIWR,r10,0x0
0xef0da mov r10,r27
0xef0dc ld.w 0x14[r29],r28
0xef0e0 stsr PSW,r10,0x0
0xef0e4 andi 0x20,r10,r9
0xef0e8 di
0xef0ec ld.w 0x18[r28],ep
0xef0f0 st.w r9,0x0[sp]
0xef0f4 sld.h 0x20[ep],r16
0xef0f6 cmp 0xa,r16
0xef0f8 blt 0x000ef0fe
0xef0fa jarl 0x000f2064,lp
0xef0fe mov r16,r17
0xef100 shl 0x2,r17
0xef102 add ep,r17
0xef104 addi 0x1,r16,r9
0xef108 st.w r27,0x24[r17]
0xef10c sst.h r9,0x20[ep]
0xef10e mov r29,r28
0xef110 ldsr r28,EIWR,0x0
0xef114 ld.w 0x0[r29],r18
0xef118 ld.w 0x4[r29],ep
0xef11c mov 0x400780e0,r28
0xef122 ld.w 0x8[r18],r8
0xef126 mov ep,r26
0xef128 sst.w r8,0x0[ep]
0xef12a ld.w 0x10[r18],r7
0xef12e sst.w r7,0x4[ep]
0xef130 ld.w 0x14[r18],r6
0xef134 and r7,r28
0xef136 sst.w r6,0x8[ep]
0xef138 ld.w 0xc[r18],r19
0xef13c sst.w r19,0xc[ep]
0xef13e ld.w 0x4[r18],r18
0xef142 sst.w r29,0x20[ep]
0xef144 sst.w r18,0x10[ep]
0xef146 stsr PSW,r10,0x0
0xef14a mov 0xbff87f1f,r16
0xef150 ld.w 0x4[r27],r6
0xef154 ld.w 0x4[r29],r7
0xef158 and r16,r10
0xef15a or r28,r10
0xef15c st.w r10,0x4[r26]
0xef160 jarl 0x000f1ce8,lp
0xef164 stsr PSW,r10,0x0
0xef168 ld.w 0x0[sp],r29
0xef16c movea -0x21,r0,r9
0xef170 and r9,r10
0xef172 or r10,r29
0xef174 ldsr r29,PSW,0x0
0xef178 dispose 0x2,{ r26,r27,r28,r29,lp },[lp]
0xef17c prepare { r27,r28,r29,lp },0x12
0xef180 stsr EIWR,r10,0x0
0xef184 mov r10,r29
0xef186 ld.w 0x14[r10],r28
0xef18a stsr PSW,r10,0x0
0xef18e di
0xef192 ld.w 0xc[r29],ep
0xef196 ld.bu 0x18[ep],r11
0xef19a cmp 0x1,r11
0xef19c bne 0x000ef1a2
0xef19e sst.b r0,0x18[ep]
0xef1a0 br 0x000ef24a
0xef1a2 mov 0x0,r9
0xef1a4 br 0x000ef1c8
0xef1a6 cmp r0,ep
0xef1a8 be 0x000ef1c6
0xef1aa sld.w 0x8[ep],r19
0xef1ac mov 0x1,r8
0xef1ae cmp r0,r19
0xef1b0 be 0x000ef1b8
0xef1b2 cmp 0x1,r19
0xef1b4 cmovne r9,r8,r8
0xef1b8 cmp r0,r8
0xef1ba setfne r16
0xef1be cmp r0,r16
0xef1c0 cmovne 0x1,r9,r9
0xef1c4 bne 0x000ef1ce
0xef1c6 sld.w 0x0[ep],ep
0xef1c8 sld.w 0x0[ep],ep

=== xrefs TO 0xeeec8 table base ===
 from 0xeeeae CONDITIONAL_JUMP
