/Users/zeno/Downloads/github/gminfo_resources/research/scripts/ghidra_rh850/step9_handler_types.py:7: DeprecationWarning: open_program() is deprecated, use open_project() and program_context() or program_loader() instead.
  with pyghidra.open_program(
WARNING: A terminally deprecated method in sun.misc.Unsafe has been called
WARNING: sun.misc.Unsafe::staticFieldOffset has been called by org.apache.felix.framework.util.SecureAction (file:/Users/zeno/ghidra_12.1.2_PUBLIC/Ghidra/Features/Base/lib/org.apache.felix.framework-7.0.5.jar)
WARNING: Please consider reporting this to the maintainers of class org.apache.felix.framework.util.SecureAction
WARNING: sun.misc.Unsafe::staticFieldOffset will be removed in a future release
========== type=0 target=0xf0a1a ==========
0xf0a1a or sp,r0
0xf0a1c sld.hu 0x14[ep],r9
0xf0a1e andi 0x3,r9,r0
0xf0a22 cmove 0x2,r8,r10
0xf0a26 jmp [lp]
0xf0a2a rie
0xf0a2e sld.w 0xc[ep],ep
0xf0a30 movea 0x103,r0,r8
0xf0a34 sld.hu 0x14[ep],r9
0xf0a36 andi 0x3,r9,r0
0xf0a3a cmove 0x2,r8,r10
0xf0a3e jmp [lp]
========== type=1 target=0xf0a1e ==========
0xf0a1e andi 0x3,r9,r0
0xf0a22 cmove 0x2,r8,r10
0xf0a26 jmp [lp]
0xf0a2a rie
0xf0a2e sld.w 0xc[ep],ep
0xf0a30 movea 0x103,r0,r8
0xf0a34 sld.hu 0x14[ep],r9
0xf0a36 andi 0x3,r9,r0
0xf0a3a cmove 0x2,r8,r10
0xf0a3e jmp [lp]
========== type=4 target=0xf0a2a ==========
0xf0a2a rie
0xf0a2e sld.w 0xc[ep],ep
0xf0a30 movea 0x103,r0,r8
0xf0a34 sld.hu 0x14[ep],r9
0xf0a36 andi 0x3,r9,r0
0xf0a3a cmove 0x2,r8,r10
0xf0a3e jmp [lp]
========== type=5 target=0xf0a2e ==========
0xf0a2e sld.w 0xc[ep],ep
0xf0a30 movea 0x103,r0,r8
0xf0a34 sld.hu 0x14[ep],r9
0xf0a36 andi 0x3,r9,r0
0xf0a3a cmove 0x2,r8,r10
0xf0a3e jmp [lp]
========== type=6 target=0xf0a32 ==========
0xf0a34 sld.hu 0x14[ep],r9
0xf0a36 andi 0x3,r9,r0
0xf0a3a cmove 0x2,r8,r10
0xf0a3e jmp [lp]
========== type=10 target=0xf0a42 ==========
0xf0a42 rie
========== type=52 target=0xf0aea ==========
0xf0aea mov r1,r0
0xf0aec mov 0x3,r6
0xf0aee ld.w 0x24[r29],r19
0xf0af2 ld.w 0x28[r29],r18
0xf0af6 sst.w r6,0x8[ep]
0xf0af8 ld.w 0x18[r29],r17
0xf0afc sst.w r19,0x4[ep]
0xf0afe sst.w r18,0xc[ep]
0xf0b00 sst.w r0,0x10[ep]
0xf0b02 cmp 0x2,r17
0xf0b04 bne 0x000f0bee
0xf0b06 ld.w 0x4[r29],r6
0xf0b0a mov ep,r28
0xf0b0c sst.w r0,0x20[ep]
========== type=68 target=0xf0b2a ==========
0xf0b2a cmp r14,r18
0xf0b2c bc 0x000f0b32
0xf0b2e sub r14,r18
0xf0b30 br 0x000f0b36
0xf0b32 sub r14,r16
0xf0b34 add r16,r18
0xf0b36 st.w r18,0x14[r28]
0xf0b3a dispose 0x0,{ r28,r29,lp },[lp]
========== type=97 target=0xf0b9e ==========
0xf0b9e sub r20,r19
0xf0ba0 ld.w 0x0[r29],ep
0xf0ba4 st.w r10,0x18[r28]
0xf0ba8 ld.w 0x30[r29],r15
0xf0bac sld.w 0x0[ep],r14
0xf0bae divqu r15,r10,r17
0xf0bb2 divqu r15,r14,r13
0xf0bb6 cmp r13,r17
0xf0bb8 bc 0x000f0bbe
0xf0bba sub r13,r17
0xf0bbc br 0x000f0bc2
0xf0bbe sub r13,r15
0xf0bc0 add r15,r17
0xf0bc2 st.w r17,0x14[r28]
========== type=120 target=0xf0bfa ==========
0xf0bfa mov r1,r0
0xf0bfc ld.w 0x8[r18],r16
0xf0c00 cmp 0x1,r16
0xf0c02 bne 0x000f0c12
0xf0c04 ld.w 0x10[r18],ep
0xf0c08 sld.w 0x0[ep],r14
0xf0c0a sld.w 0x28[ep],r13
0xf0c0c st.w r13,0xc[r14]
0xf0c10 br 0x000f0c58
0xf0c12 mov r18,r28
0xf0c14 cmp 0x3,r16
0xf0c16 bne 0x000f0c58
0xf0c18 ld.w 0x4[r6],r6
0xf0c1c mov r29,r7
========== type=128 target=0xf0c1a ==========
0xf0c1c mov r29,r7
0xf0c1e jarl 0x000eb208,lp
0xf0c22 ld.w 0x0[r29],r18
0xf0c26 ld.w 0xc[r18],r15
0xf0c2a cmp r29,r15
0xf0c2c be 0x000f0c58
0xf0c2e cmp r0,r15
0xf0c30 be 0x000f0c58
0xf0c32 ld.w 0xc[r28],ep
0xf0c36 sld.w 0x0[ep],r17
0xf0c38 sld.w 0x24[ep],r12
0xf0c3a sld.w 0x28[ep],r11
0xf0c3c st.w r0,0x8[r17]
0xf0c40 sld.w 0x18[ep],r9
========== type=132 target=0xf0c2a ==========
0xf0c2a cmp r29,r15
0xf0c2c be 0x000f0c58
0xf0c2e cmp r0,r15
0xf0c30 be 0x000f0c58
0xf0c32 ld.w 0xc[r28],ep
0xf0c36 sld.w 0x0[ep],r17
0xf0c38 sld.w 0x24[ep],r12
0xf0c3a sld.w 0x28[ep],r11
0xf0c3c st.w r0,0x8[r17]
0xf0c40 sld.w 0x18[ep],r9
0xf0c42 st.w r12,0x4[r17]
0xf0c46 st.w r11,0xc[r17]
0xf0c4a st.w r0,0x10[r17]
0xf0c4e cmp 0x2,r9
========== type=137 target=0xf0c3e ==========
0xf0c40 sld.w 0x18[ep],r9
0xf0c42 st.w r12,0x4[r17]
0xf0c46 st.w r11,0xc[r17]
0xf0c4a st.w r0,0x10[r17]
0xf0c4e cmp 0x2,r9
0xf0c50 bne 0x000f0c58
0xf0c52 mov r17,ep
0xf0c54 sst.w r0,0x20[ep]
0xf0c56 sst.w r0,0x1c[ep]
0xf0c58 mov r18,ep
0xf0c5a sst.w r0,0x8[ep]
0xf0c5c ld.w 0x24[r29],r8
0xf0c60 ld.w 0x28[r29],r7
0xf0c64 ld.w 0x18[r29],r19
========== type=140 target=0xf0c4a ==========
0xf0c4a st.w r0,0x10[r17]
0xf0c4e cmp 0x2,r9
0xf0c50 bne 0x000f0c58
0xf0c52 mov r17,ep
0xf0c54 sst.w r0,0x20[ep]
0xf0c56 sst.w r0,0x1c[ep]
0xf0c58 mov r18,ep
0xf0c5a sst.w r0,0x8[ep]
0xf0c5c ld.w 0x24[r29],r8
0xf0c60 ld.w 0x28[r29],r7
0xf0c64 ld.w 0x18[r29],r19
0xf0c68 sst.w r0,0x10[ep]
0xf0c6a sst.w r8,0x4[ep]
0xf0c6c sst.w r7,0xc[ep]
========== type=149 target=0xf0c6e ==========
0xf0c6e cmp 0x2,r19
0xf0c70 bne 0x000f0c7a
0xf0c72 ld.w 0x0[r29],ep
0xf0c76 sst.w r0,0x20[ep]
0xf0c78 sst.w r0,0x1c[ep]
0xf0c7a dispose 0x0,{ r28,r29,lp },[lp]
========== type=150 target=0xf0c72 ==========
0xf0c72 ld.w 0x0[r29],ep
0xf0c76 sst.w r0,0x20[ep]
0xf0c78 sst.w r0,0x1c[ep]
0xf0c7a dispose 0x0,{ r28,r29,lp },[lp]
========== type=178 target=0xf0ce2 ==========
0xf0ce2 not r9,r0
0xf0ce4 sst.w r15,0x8[ep]
0xf0ce6 ld.w 0x18[r29],r11
0xf0cea sst.w r14,0x4[ep]
0xf0cec sst.w r13,0xc[ep]
0xf0cee sst.w r0,0x10[ep]
0xf0cf0 cmp 0x2,r11
0xf0cf2 setfe r12
0xf0cf6 cmp r0,r12
0xf0cf8 bne 0x000f0d00
0xf0cfa mov 0x0,r10
0xf0cfc dispose 0x0,{ r28,r29,lp },[lp]
0xf0d00 ld.w 0x4[r29],r6
0xf0d04 mov ep,r28
========== type=189 target=0xf0d0e ==========
0xf0d0e ld.w 0x0[r29],ep
0xf0d12 st.w r10,0x18[r28]
0xf0d16 ld.w 0x30[r29],r17
0xf0d1a sld.w 0x0[ep],r19
0xf0d1c divqu r17,r10,r18
0xf0d20 divqu r17,r19,r16
0xf0d24 cmp r16,r18
0xf0d26 bc 0x000f0d2c
0xf0d28 sub r16,r18
0xf0d2a br 0x000f0d30
0xf0d2c sub r16,r17
0xf0d2e add r17,r18
0xf0d30 st.w r18,0x14[r28]
0xf0d34 mov 0x0,r10
========== type=191 target=0xf0d16 ==========
0xf0d16 ld.w 0x30[r29],r17
0xf0d1a sld.w 0x0[ep],r19
0xf0d1c divqu r17,r10,r18
0xf0d20 divqu r17,r19,r16
0xf0d24 cmp r16,r18
0xf0d26 bc 0x000f0d2c
0xf0d28 sub r16,r18
0xf0d2a br 0x000f0d30
0xf0d2c sub r16,r17
0xf0d2e add r17,r18
0xf0d30 st.w r18,0x14[r28]
0xf0d34 mov 0x0,r10
0xf0d36 dispose 0x0,{ r28,r29,lp },[lp]
========== type=228 target=0xf0daa ==========
0xf0daa st.w r10,0x18[r28]
0xf0dae ld.w 0x30[r29],r17
0xf0db2 sld.w 0x0[ep],r7
0xf0db4 divqu r17,r10,r18
0xf0db8 divqu r17,r7,r16
0xf0dbc cmp r16,r18
0xf0dbe bc 0x000f0dc4
0xf0dc0 sub r16,r18
0xf0dc2 br 0x000f0dc8
0xf0dc4 sub r16,r17
0xf0dc6 add r17,r18
0xf0dc8 st.w r18,0x14[r28]
0xf0dcc mov 0x0,r10
0xf0dce dispose 0x0,{ r28,r29,lp },[lp]
