/Users/zeno/Downloads/github/gminfo_resources/research/scripts/ghidra_rh850/step2_disasm.py:7: DeprecationWarning: open_program() is deprecated, use open_project() and program_context() or program_loader() instead.
  with pyghidra.open_program(
WARNING: A terminally deprecated method in sun.misc.Unsafe has been called
WARNING: sun.misc.Unsafe::staticFieldOffset has been called by org.apache.felix.framework.util.SecureAction (file:/Users/zeno/ghidra_12.1.2_PUBLIC/Ghidra/Features/Base/lib/org.apache.felix.framework-7.0.5.jar)
WARNING: Please consider reporting this to the maintainers of class org.apache.felix.framework.util.SecureAction
WARNING: sun.misc.Unsafe::staticFieldOffset will be removed in a future release
=== RAW DISASM FUN_000c8f6a (0xc8f60-0xc8fb0) ===
0xc8f6a prepare { r28,r29,lp },0x0
0xc8f6e movhi -0x143,r0,r19
0xc8f72 ld.bu 0x3db8[r19],r19
0xc8f76 cmp r0,r19
0xc8f78 ld.hu 0x13e[r2],r0
0xc8f7c zxh r6
0xc8f7e mov r6,r29
0xc8f80 mul 0x18,r29,r0
0xc8f84 mov 0x4fb8c,r18
0xc8f8a mov r7,r28
0xc8f8c add r18,r29
0xc8f8e ld.bu 0xa[r29],r17
0xc8f92 cmp 0x8,r17
0xc8f94 ld.hu 0x106[r11],r0
0xc8f98 shl 0x2,r17
0xc8f9a jmp 0xf0a1a[r17]

=== RAW DISASM FUN_000c90c4 (0xc90c0-0xc9180) ===
0xc90c4 prepare { r28,r29,lp },0x0
0xc90c8 movhi -0x143,r0,r19
0xc90cc ld.bu 0x3db8[r19],r19
0xc90d0 movea 0x80,r0,r28
0xc90d4 cmp r0,r19
0xc90d6 be 0x000c91be
0xc90d8 mulhi 0xc,r6,r29
0xc90dc mov 0x69a14,r19
0xc90e2 mov 0xfebdbf66,r17
0xc90e8 add r19,r29
0xc90ea ld.hu 0x4[r29],ep
0xc90ee add r17,ep
0xc90f0 sld.bu 0x0[ep],r16
0xc90f2 cmp r0,r16
0xc90f4 cmovne 0x0,r28,r28
0xc90f8 jarl 0x000ec7f8,lp
0xc90fc ld.hu 0x2[r29],r13
0xc9100 br 0x000c91b2
0xc9102 mov r13,ep
0xc9104 shl 0x1,ep
0xc9106 mov 0x64e74,r15
0xc910c add r15,ep
0xc910e sld.hu 0x0[ep],ep
0xc9110 mov 0x4fb8c,r14
0xc9116 mul 0x18,ep,r0
0xc911a add r14,ep
0xc911c sld.bu 0xa[ep],r18
0xc911e cmp 0x3,r18
0xc9120 bnc 0x000c9144
0xc9122 cmp r0,r18
0xc9124 be 0x000c9168
0xc9126 cmp 0x2,r18
0xc9128 bne 0x000c91b0
0xc912a sld.hu 0x0[ep],r17
0xc912c sld.hu 0x4[ep],ep
0xc912e mov 0xfebd6c96,r10
0xc9134 shl 0x1,r17
0xc9136 add r10,r17
0xc9138 shl 0x1,ep
0xc913a add r10,ep
0xc913c sld.hu 0x0[ep],r10
0xc913e st.h r10,0x0[r17]
0xc9142 br 0x000c91b0
0xc9144 cmp 0x4,r18
0xc9146 bc 0x000c917e
0xc9148 be 0x000c9198
0xc914a cmp 0x5,r18
0xc914c bne 0x000c91b0
0xc914e sld.hu 0x0[ep],r14
0xc9150 sld.hu 0x4[ep],ep
0xc9152 mov 0xfebd57a8,r7
0xc9158 shl 0x2,r14
0xc915a add r7,r14
0xc915c shl 0x2,ep
0xc915e add r7,ep
0xc9160 sld.w 0x0[ep],r7
0xc9162 st.w r7,0x0[r14]
0xc9166 br 0x000c91b0
0xc9168 sld.hu 0x0[ep],r12
0xc916a sld.hu 0x4[ep],ep
0xc916c mov 0xfebdaae2,r11
0xc9172 add r11,r12
0xc9174 add r11,ep
0xc9176 sld.bu 0x0[ep],r11
0xc9178 st.b r11,0x0[r12]
0xc917c br 0x000c91b0
0xc917e sld.hu 0x0[ep],r16
0xc9180 sld.hu 0x4[ep],ep
