/Users/zeno/Downloads/github/gminfo_resources/research/scripts/ghidra_rh850/step19_chain.py:7: DeprecationWarning: open_program() is deprecated, use open_project() and program_context() or program_loader() instead.
  with pyghidra.open_program(
WARNING: A terminally deprecated method in sun.misc.Unsafe has been called
WARNING: sun.misc.Unsafe::staticFieldOffset has been called by org.apache.felix.framework.util.SecureAction (file:/Users/zeno/ghidra_12.1.2_PUBLIC/Ghidra/Features/Base/lib/org.apache.felix.framework-7.0.5.jar)
WARNING: Please consider reporting this to the maintainers of class org.apache.felix.framework.util.SecureAction
WARNING: sun.misc.Unsafe::staticFieldOffset will be removed in a future release
### Caller of FUN_000c7472 (bitfield-extract-then-write-shadow) is at 0xc744e ###
---- 0xc744e : None ----
(no fn)
callers of that: []
callers of 0xc744e's function (None): None

### Caller of FUN_000c8fc4 (shadow getter) is at 0xc8fa0 ###
---- 0xc8fa0 : None ----
(no fn)
callers of 0xc8fa0's function (None): None

### checking other orphaned funcs for spurious-split (fall-through) pattern ###
fn at 0xc812e: FUN_000c812e
  preceding instr: 0xc812a jr 0x000c8a26
  preceding fn: FUN_000c80d0
fn at 0xc6cb0: FUN_000c6cb0
  preceding instr: 0xc6cac jr 0x000c6eca
  preceding fn: FUN_000c6c28
fn at 0xc73f0: FUN_000c73f0
  preceding instr: 0xc73ec jr 0x000c80be
  preceding fn: None
