/Users/zeno/Downloads/github/gminfo_resources/research/scripts/ghidra_rh850/vipapp/s35_ctx.py:7: DeprecationWarning: open_program() is deprecated, use open_project() and program_context() or program_loader() instead.
  with pyghidra.open_program(
WARNING: A terminally deprecated method in sun.misc.Unsafe has been called
WARNING: sun.misc.Unsafe::staticFieldOffset has been called by org.apache.felix.framework.util.SecureAction (file:/Users/zeno/ghidra_12.1.2_PUBLIC/Ghidra/Features/Base/lib/org.apache.felix.framework-7.0.5.jar)
WARNING: Please consider reporting this to the maintainers of class org.apache.felix.framework.util.SecureAction
WARNING: sun.misc.Unsafe::staticFieldOffset will be removed in a future release
========= context around 0x41376 =========
containing function: FUN_00041350 00041350 158
0x41256 or r1,r0
0x41258 cmp 0xb,r13
0x4125a ld.h 0x0[r8],gp
0x4125e ori 0x678,r6,r0
0x41262 sst.b r0,0xa[ep]
0x41264 sst.b r0,0x3[ep]
0x41266 jmp [r27]
0x41268 ld.hu -0x2[lp],lp
0x4126c or r1,r0
0x4126e sld.b 0x6c[ep],r13
0x41270 not r9,tp
0x41272 nop
0x41274 ori 0x686,r20,r0
0x41278 sst.b r0,0x11[ep]
0x4127a sst.b r0,0xa[ep]
0x4127c jmp [r28]
0x4127e ld.hu -0x2[lp],lp
0x41282 or r1,r0
0x41284 sld.h 0xda[ep],r13
0x41286 xor r10,tp
0x41288 nop
0x4128a xori 0x694,r2,r0
0x4128e sst.b r0,0x18[ep]
0x41290 sst.b r0,0x11[ep]
0x41292 jmp [r29]
0x41294 ld.hu -0x2[lp],lp
0x41298 or r1,r0
0x4129a sld.w 0xdc[ep],r13
0x4129c satadd 0xb,tp
0x4129e nop
0x412a0 xori 0x6a2,r16,r0
0x412a4 sst.b r0,0x1f[ep]
0x412a6 sst.b r0,0x18[ep]
0x412a8 jmp [ep]
0x412aa ld.hu -0x2[lp],lp
0x412ae or r1,r0
0x412b0 satsubi 0x2b2c,r15,r13
0x412b4 nop
0x412b6 xori 0x6b0,ep,r0
0x412ba sst.b r0,0x26[ep]
0x412bc sst.b r0,0x1f[ep]
0x412be jmp [lp]
0x412c0 ld.hu -0x2[lp],lp
0x412c4 or r1,r0
0x412c6 st.w r13,0x2c2c[r16]
0x412ca nop
0x412cc andi 0x6be,r12,r0
0x412d0 sst.b r0,0x2d[ep]
0x412d2 sst.b r0,0x26[ep]
0x412d4 zxb r0
0x412d6 ld.hu -0x2[lp],lp
0x412da or r1,r0
0x412dc sld.hu 0x2[ep],r14
0x412de sld.w 0x5c[ep],tp
0x412e0 nop
0x412e2 andi 0x6cc,r26,r0
0x412e6 sst.b r0,0x34[ep]
0x412e8 sst.b r0,0x2d[ep]
0x412ea zxb r1
0x412ec ld.hu -0x2[lp],lp
0x412f0 or r1,r0
0x412f2 tst r18,r14
0x412f4 movea 0x0,r15,tp
0x412f8 jmp 0x3bb06da[r8]
0x412fe sst.b r0,0x34[ep]
0x41300 zxb r2
0x41302 ld.hu -0x2[lp],lp
0x41306 mov r1,r0
0x41308 cmp -0xd,r14
0x4130a rie 0x1f,0xf
0x4130e jmp 0x3c206e8[r22]
0x41314 sst.b r0,0x3b[ep]
0x41316 zxb sp
0x41318 ld.hu -0x2[lp],lp
0x4131c or r1,r0
0x4131e sld.b 0x74[ep],r14
0x41320 ld.h 0x0[r16],tp
0x41324 ld.b 0x6f6[gp],r0
0x41328 sst.b r0,0x49[ep]
0x4132a sst.b r0,0x42[ep]
0x4132c zxb gp
0x4132e ld.hu -0x2[lp],lp
0x41332 or r1,r0
0x41334 sld.h 0xea[ep],r14
0x41336 not r17,r6
0x41338 nop
0x4133a ld.b 0x704[r18],r0
0x4133e sst.b r0,0x50[ep]
0x41340 sst.b r0,0x49[ep]
0x41342 zxb tp
0x41344 ld.hu -0x2[lp],lp
0x41348 mov r1,r0
0x4134a sld.w 0xec[ep],r14
0x4134c rie 0x1f,0xf
0x41350 ld.h 0x712[r0],r0
0x41354 sst.b r0,0x57[ep]
0x41356 sst.b r0,0x50[ep]
0x41358 zxb r6
0x4135a ld.hu -0x2[lp],lp
0x4135e or r1,r0
0x41360 satsubi 0x3132,r23,r14
0x41364 nop
0x41366 ld.h 0x720[r14],r0
0x4136a sst.b r0,0x5e[ep]
0x4136c sst.b r0,0x57[ep]
0x4136e zxb r7
0x41370 ld.hu -0x2[lp],lp
0x41374 or r1,r0
0x41376 st.w r14,0x3232[r24]
0x4137a nop
0x4137c ld.h 0x72e[r28],r0
0x41380 sst.b r0,0x65[ep]
0x41382 sst.b r0,0x5e[ep]
0x41384 zxb r8
0x41386 ld.hu -0x2[lp],lp
0x4138a or r1,r0
0x4138c sld.hu 0x12[ep],r15
0x4138e sld.b 0x34[ep],r6
0x41390 nop
0x41392 st.b r0,0x73c[r10]
0x41396 sst.b r0,0x6c[ep]
0x41398 sst.b r0,0x65[ep]
0x4139a zxb r9
0x4139c ld.hu -0x2[lp],lp
0x413a0 or r1,r0
0x413a2 tst r26,r15
0x413a4 sld.h 0x6a[ep],r6
0x413a6 nop
0x413a8 st.b r0,0x74a[r24]
0x413ac sst.b r0,0x73[ep]
0x413ae sst.b r0,0x6c[ep]
0x413b0 zxb r10
0x413b2 ld.hu -0x2[lp],lp
0x413b6 or r1,r0
========= context around 0x77b1a =========
containing function: None None None
0x779fc jr 0x0007ade4
0x77a00 jr 0x0007ae74
0x77a04 jr 0x0007af08
0x77a08 jr 0x0007af9c
0x77a0c jr 0x0007b030
0x77a10 jr 0x0007b0c0
0x77a14 jr 0x0007b150
0x77a18 jr 0x0007b1e4
0x77a1c jr 0x0007b274
0x77a20 jr 0x0007b304
0x77a24 jr 0x0007b53c
0x77a28 jr 0x0007b5d6
0x77a2c jr 0x0007b674
0x77a30 jr 0x0007b70e
0x77a34 jr 0x0007b7ac
0x77a38 jr 0x0007b84a
0x77a3c jr 0x0007b8e4
0x77a40 jr 0x0007b98a
0x77a44 jr 0x0007ba24
0x77a48 jr 0x0007bac2
0x77a4c jr 0x0007bb5c
0x77a50 jr 0x0007bbfa
0x77a54 jr 0x0007bc94
0x77a58 jr 0x0007bd2e
0x77a5c jr 0x0007bdcc
0x77a60 jr 0x0007c030
0x77a64 jr 0x0007c06a
0x77a68 jr 0x0007c10c
0x77a6c jr 0x0007c142
0x77a70 jr 0x00078bec
0x77a74 jr 0x0007a074
0x77a78 jr 0x0007a09c
0x77a7c jr 0x0007c1d0
0x77a80 jr 0x0007c20c
0x77a84 jr 0x0007c24c
0x77a88 jr 0x0007c288
0x77a8c jr 0x00076aee
0x77a90 jr 0x00076aee
0x77a94 jr 0x00076aee
0x77a98 jr 0x00076aee
0x77a9c jr 0x00076aee
0x77aa0 jr 0x00076aee
0x77aa4 jr 0x0007939e
0x77aa8 jr 0x000793c2
0x77aac addi -0x282c,r6,r0
0x77ab0 bc 0x00077ae2
0x77ab2 addi -0x2779,r6,r6
0x77ab6 cmp 0x6,r6
0x77ab8 ld.hu -0xfca[r27],r0
0x77abc mov r6,r12
0x77abe shl 0x2,r12
0x77ac0 jmp 0x9f540[r12]
0x77ac6 jr 0x0007c38a
0x77aca jr 0x0007c3be
0x77ace jr 0x0007c3f4
0x77ad2 jr 0x0007c42a
0x77ad6 jr 0x0007c460
0x77ada jr 0x0007c496
0x77ade jr 0x0007c4cc
0x77ae2 addi -0x282d,r6,r0
0x77ae6 ld.hu 0x4bc0[r9],r0
0x77aea ld.hu 0x4bfa[r2],r0
0x77aee addi -0x2839,r6,r0
0x77af2 ld.hu 0x23d2[r2],r0
0x77af6 addi -0x283a,r6,r0
0x77afa ld.hu -0x100c[r26],r0
0x77afe jr 0x00079eec
0x77b02 addi -0x2914,r6,r0
0x77b06 bc 0x00077b46
0x77b08 addi -0x2884,r6,r0
0x77b0c bc 0x00077b2a
0x77b0e addi -0x283b,r6,r0
0x77b12 ld.hu 0x2402[r2],r0
0x77b16 addi -0x2841,r6,r0
0x77b1a ld.hu 0x387e[r2],r0
0x77b1e addi -0x284b,r6,r0
0x77b22 ld.hu -0x1034[r26],r0
0x77b26 jr 0x0007be66
0x77b2a addi -0x2884,r6,r0
0x77b2e ld.hu 0x26b4[r2],r0
0x77b32 addi -0x288f,r6,r0
0x77b36 ld.hu 0x26d0[r2],r0
0x77b3a addi -0x2899,r6,r0
0x77b3e ld.hu -0x1050[r26],r0
0x77b42 jr 0x0007a22a
0x77b46 addi -0x2960,r6,r0
0x77b4a bc 0x00077bf6
0x77b4c addi -0x2914,r6,r6
0x77b50 addi -0x25,r6,r0
0x77b54 ld.hu -0x1066[r17],r0
0x77b58 mov r6,r11
0x77b5a shl 0x2,r11
